******************************************************************************
             TMS320C2000 Linker PC v5.2.11                     
******************************************************************************
>> Linked Mon Feb 04 15:13:52 2013

OUTPUT FILE NAME:   <./Debug/HiMECS_Slave_DSP.out>
ENTRY POINT SYMBOL: "_c_int00"  address: 0000a280


MEMORY CONFIGURATION

         name            origin    length      used     unused   attr    fill
----------------------  --------  ---------  --------  --------  ----  --------
PAGE 0:
  BEGIN                 00000000   00000002  00000002  00000000  RWIX
  RAMM0                 00000050   000003b0  00000000  000003b0  RWIX
  RAML                  00008000   00004000  000025fa  00001a06  RWIX
  CSM_RSVD              0033ff80   00000076  00000000  00000076  RWIX
  CSM_PWL               0033fff8   00000008  00000000  00000008  RWIX
  ADC_CAL               00380080   00000009  00000007  00000002  RWIX
  IQTABLES              003fe000   00000b50  00000000  00000b50  RWIX
  IQTABLES2             003feb50   0000008c  00000000  0000008c  RWIX
  FPUTABLES             003febdc   000006a0  00000000  000006a0  RWIX
  BOOTROM               003ff27c   00000d44  00000000  00000d44  RWIX
  RESET                 003fffc0   00000002  00000000  00000002  RWIX

PAGE 1:
  BOOT_RSVD             00000002   0000004e  00000000  0000004e  RWIX
  RAMM1                 00000400   00000400  00000400  00000000  RWIX
  DEV_EMU               00000880   00000180  000000d0  000000b0  RWIX
  FLASH_REGS            00000a80   00000060  00000008  00000058  RWIX
  CSM                   00000ae0   00000010  00000010  00000000  RWIX
  ADC_MIRROR            00000b00   00000010  00000010  00000000  RWIX
  XINTF                 00000b20   00000020  0000001e  00000002  RWIX
  CPU_TIMER0            00000c00   00000008  00000008  00000000  RWIX
  CPU_TIMER1            00000c08   00000008  00000008  00000000  RWIX
  CPU_TIMER2            00000c10   00000008  00000008  00000000  RWIX
  PIE_CTRL              00000ce0   00000020  0000001a  00000006  RWIX
  PIE_VECT              00000d00   00000100  00000100  00000000  RWIX
  DMA                   00001000   00000200  000000e0  00000120  RWIX
  MCBSPA                00005000   00000040  00000025  0000001b  RWIX
  MCBSPB                00005040   00000040  00000025  0000001b  RWIX
  ECANA                 00006000   00000040  00000034  0000000c  RWIX
  ECANA_LAM             00006040   00000040  00000040  00000000  RWIX
  ECANA_MOTS            00006080   00000040  00000040  00000000  RWIX
  ECANA_MOTO            000060c0   00000040  00000040  00000000  RWIX
  ECANA_MBOX            00006100   00000100  00000100  00000000  RWIX
  ECANB                 00006200   00000040  00000034  0000000c  RWIX
  ECANB_LAM             00006240   00000040  00000040  00000000  RWIX
  ECANB_MOTS            00006280   00000040  00000040  00000000  RWIX
  ECANB_MOTO            000062c0   00000040  00000040  00000000  RWIX
  ECANB_MBOX            00006300   00000100  00000100  00000000  RWIX
  EPWM1                 00006800   00000022  00000022  00000000  RWIX
  EPWM2                 00006840   00000022  00000022  00000000  RWIX
  EPWM3                 00006880   00000022  00000022  00000000  RWIX
  EPWM4                 000068c0   00000022  00000022  00000000  RWIX
  EPWM5                 00006900   00000022  00000022  00000000  RWIX
  EPWM6                 00006940   00000022  00000022  00000000  RWIX
  ECAP1                 00006a00   00000020  00000020  00000000  RWIX
  ECAP2                 00006a20   00000020  00000020  00000000  RWIX
  ECAP3                 00006a40   00000020  00000020  00000000  RWIX
  ECAP4                 00006a60   00000020  00000020  00000000  RWIX
  ECAP5                 00006a80   00000020  00000020  00000000  RWIX
  ECAP6                 00006aa0   00000020  00000020  00000000  RWIX
  EQEP1                 00006b00   00000040  00000040  00000000  RWIX
  EQEP2                 00006b40   00000040  00000040  00000000  RWIX
  GPIOCTRL              00006f80   00000040  0000002e  00000012  RWIX
  GPIODAT               00006fc0   00000020  00000020  00000000  RWIX
  GPIOINT               00006fe0   00000020  0000000a  00000016  RWIX
  SYSTEM                00007010   00000020  00000020  00000000  RWIX
  SPIA                  00007040   00000010  00000010  00000000  RWIX
  SCIA                  00007050   00000010  00000010  00000000  RWIX
  XINTRUPT              00007070   00000010  00000010  00000000  RWIX
  ADC                   00007100   00000020  0000001e  00000002  RWIX
  SCIB                  00007750   00000010  00000010  00000000  RWIX
  SCIC                  00007770   00000010  00000010  00000000  RWIX
  I2CA                  00007900   00000040  00000022  0000001e  RWIX
  RAML4                 0000c000   00001000  00000632  000009ce  RWIX
  RAML5                 0000d000   00001000  000004ec  00000b14  RWIX
  RAML6                 0000e000   00001000  00000000  00001000  RWIX
  RAML7                 0000f000   00001000  00000000  00001000  RWIX
  CSM_PWL               0033fff8   00000008  00000008  00000000  RWIX
  PARTID                00380090   00000001  00000001  00000000  RWIX


SECTION ALLOCATION MAP

 output                                  attributes/
section   page    origin      length       input sections
--------  ----  ----------  ----------   ----------------
codestart 
*          0    00000000    00000002     
                  00000000    00000002     DSP2833x_CodeStartBranch.obj (codestart)

.pinit     0    00008000    00000000     UNINITIALIZED

.text      0    00008000    000025c6     
                  00008000    0000095f     rts2800_fpu32.lib : _printfi.obj (.text)
                  0000895f    0000043c     Slave_DSP_Modbus485.obj (.text)
                  00008d9b    00000316     DSP2833x_DefaultIsr.obj (.text)
                  000090b1    00000210     Slave_DSP_Analog_Input.obj (.text)
                  000092c1    000001eb     Slave_DSP_CAN.obj (.text)
                  000094ac    00000179     Slave_DSP_Debug_SCI.obj (.text)
                  00009625    00000167     Slave_DSP_AD7793.obj (.text)
                  0000978c    00000123     Slave_DSP_Thermocouple.obj (.text)
                  000098af    00000113     Slave_DSP_BIT.obj (.text)
                  000099c2    00000110     DSP2833x_SysCtrl.obj (.text)
                  00009ad2    00000107     rts2800_fpu32.lib : ll_div.obj (.text)
                  00009bd9    000000ea     Slave_DSP_McBSP.obj (.text)
                  00009cc3    000000ca     Slave_DSP_SPI.obj (.text)
                  00009d8d    000000c0     Slave_DSP_main.obj (.text)
                  00009e4d    000000ad     Slave_DSP_External_Interface.obj (.text)
                  00009efa    0000009c     rts2800_fpu32.lib : fd_add.obj (.text)
                  00009f96    0000008b                       : fd_div.obj (.text)
                  0000a021    00000088                       : fs_div.obj (.text)
                  0000a0a9    00000083                       : fd_mpy.obj (.text)
                  0000a12c    00000076     Slave_DSP_RTD.obj (.text)
                  0000a1a2    00000072     DSP2833x_CpuTimers.obj (.text)
                  0000a214    0000006c     Slave_DSP_I2C.obj (.text)
                  0000a280    00000046     rts2800_fpu32.lib : boot.obj (.text)
                  0000a2c6    00000031                       : atoi.obj (.text)
                  0000a2f7    0000002e                       : ltoa.obj (.text)
                  0000a325    0000002e                       : vsprintf.obj (.text)
                  0000a353    0000002a                       : fd_cmp.obj (.text)
                  0000a37d    0000002a                       : l_div.obj (.text)
                  0000a3a7    00000028     DSP2833x_PieCtrl.obj (.text)
                  0000a3cf    00000024     Slave_DSP_Internal_Thermo.obj (.text)
                  0000a3f3    00000021     rts2800_fpu32.lib : fd_toi.obj (.text)
                  0000a414    00000021                       : memcpy_ff.obj (.text)
                  0000a435    00000020     DSP2833x_PieVect.obj (.text)
                  0000a455    0000001f     rts2800_fpu32.lib : fd_tol.obj (.text)
                  0000a474    0000001e                       : ll_cmp.obj (.text)
                  0000a492    0000001c                       : fs_tofd.obj (.text)
                  0000a4ae    0000001c                       : l_tofd.obj (.text)
                  0000a4ca    0000001b                       : args_main.obj (.text)
                  0000a4e5    0000001b                       : fd_toul.obj (.text)
                  0000a500    00000019                       : exit.obj (.text)
                  0000a519    00000018     Slave_DSP_Digital_IO.obj (.text)
                  0000a531    00000016     rts2800_fpu32.lib : ul_tofd.obj (.text)
                  0000a547    00000014                       : ll_mpy.obj (.text)
                  0000a55b    00000013     Slave_DSP_GPIO.obj (.text)
                  0000a56e    00000012     rts2800_fpu32.lib : memccpy.obj (.text)
                  0000a580    0000000e                       : fd_sub.obj (.text)
                  0000a58e    0000000a                       : strlen.obj (.text)
                  0000a598    00000009                       : _lock.obj (.text)
                  0000a5a1    00000009                       : fd_neg.obj (.text)
                  0000a5aa    00000009                       : strcpy.obj (.text)
                  0000a5b3    00000008     DSP2833x_CodeStartBranch.obj (.text)
                  0000a5bb    00000007     rts2800_fpu32.lib : memset.obj (.text)
                  0000a5c2    00000004     DSP2833x_usDelay.obj (.text)

.cinit     0    0000a5c6    00000034     
                  0000a5c6    0000001e     Slave_DSP_main.obj (.cinit)
                  0000a5e4    0000000a     rts2800_fpu32.lib : _lock.obj (.cinit)
                  0000a5ee    0000000a                       : exit.obj (.cinit)
                  0000a5f8    00000002     --HOLE-- [fill = 0]

csm_rsvd   0    0033ff80    00000000     DSECT

csmpasswds 
*          0    0033fff8    00000000     DSECT

.adc_cal   0    00380080    00000007     NOLOAD SECTION
                  00380080    00000007     DSP2833x_ADC_cal.obj (.adc_cal)

.reset     0    003fffc0    00000002     DSECT
                  003fffc0    00000002     rts2800_fpu32.lib : boot.obj (.reset)

.stack     1    00000400    00000400     UNINITIALIZED
                  00000400    00000400     --HOLE--

DevEmuRegsFile 
*          1    00000880    000000d0     UNINITIALIZED
                  00000880    000000d0     DSP2833x_GlobalVariableDefs.obj (DevEmuRegsFile)

FlashRegsFile 
*          1    00000a80    00000008     UNINITIALIZED
                  00000a80    00000008     DSP2833x_GlobalVariableDefs.obj (FlashRegsFile)

CsmRegsFile 
*          1    00000ae0    00000010     UNINITIALIZED
                  00000ae0    00000010     DSP2833x_GlobalVariableDefs.obj (CsmRegsFile)

AdcMirrorFile 
*          1    00000b00    00000010     UNINITIALIZED
                  00000b00    00000010     DSP2833x_GlobalVariableDefs.obj (AdcMirrorFile)

XintfRegsFile 
*          1    00000b20    0000001e     UNINITIALIZED
                  00000b20    0000001e     DSP2833x_GlobalVariableDefs.obj (XintfRegsFile)

CpuTimer0RegsFile 
*          1    00000c00    00000008     UNINITIALIZED
                  00000c00    00000008     DSP2833x_GlobalVariableDefs.obj (CpuTimer0RegsFile)

CpuTimer1RegsFile 
*          1    00000c08    00000008     UNINITIALIZED
                  00000c08    00000008     DSP2833x_GlobalVariableDefs.obj (CpuTimer1RegsFile)

CpuTimer2RegsFile 
*          1    00000c10    00000008     UNINITIALIZED
                  00000c10    00000008     DSP2833x_GlobalVariableDefs.obj (CpuTimer2RegsFile)

PieCtrlRegsFile 
*          1    00000ce0    0000001a     UNINITIALIZED
                  00000ce0    0000001a     DSP2833x_GlobalVariableDefs.obj (PieCtrlRegsFile)

PieVectTableFile 
*          1    00000d00    00000100     UNINITIALIZED
                  00000d00    00000100     DSP2833x_GlobalVariableDefs.obj (PieVectTableFile)

DmaRegsFile 
*          1    00001000    000000e0     UNINITIALIZED
                  00001000    000000e0     DSP2833x_GlobalVariableDefs.obj (DmaRegsFile)

McbspaRegsFile 
*          1    00005000    00000025     UNINITIALIZED
                  00005000    00000025     DSP2833x_GlobalVariableDefs.obj (McbspaRegsFile)

McbspbRegsFile 
*          1    00005040    00000025     UNINITIALIZED
                  00005040    00000025     DSP2833x_GlobalVariableDefs.obj (McbspbRegsFile)

ECanaRegsFile 
*          1    00006000    00000034     UNINITIALIZED
                  00006000    00000034     DSP2833x_GlobalVariableDefs.obj (ECanaRegsFile)

ECanaLAMRegsFile 
*          1    00006040    00000040     UNINITIALIZED
                  00006040    00000040     DSP2833x_GlobalVariableDefs.obj (ECanaLAMRegsFile)

ECanaMOTSRegsFile 
*          1    00006080    00000040     UNINITIALIZED
                  00006080    00000040     DSP2833x_GlobalVariableDefs.obj (ECanaMOTSRegsFile)

ECanaMOTORegsFile 
*          1    000060c0    00000040     UNINITIALIZED
                  000060c0    00000040     DSP2833x_GlobalVariableDefs.obj (ECanaMOTORegsFile)

ECanaMboxesFile 
*          1    00006100    00000100     UNINITIALIZED
                  00006100    00000100     DSP2833x_GlobalVariableDefs.obj (ECanaMboxesFile)

ECanbRegsFile 
*          1    00006200    00000034     UNINITIALIZED
                  00006200    00000034     DSP2833x_GlobalVariableDefs.obj (ECanbRegsFile)

ECanbLAMRegsFile 
*          1    00006240    00000040     UNINITIALIZED
                  00006240    00000040     DSP2833x_GlobalVariableDefs.obj (ECanbLAMRegsFile)

ECanbMOTSRegsFile 
*          1    00006280    00000040     UNINITIALIZED
                  00006280    00000040     DSP2833x_GlobalVariableDefs.obj (ECanbMOTSRegsFile)

ECanbMOTORegsFile 
*          1    000062c0    00000040     UNINITIALIZED
                  000062c0    00000040     DSP2833x_GlobalVariableDefs.obj (ECanbMOTORegsFile)

ECanbMboxesFile 
*          1    00006300    00000100     UNINITIALIZED
                  00006300    00000100     DSP2833x_GlobalVariableDefs.obj (ECanbMboxesFile)

EPwm1RegsFile 
*          1    00006800    00000022     UNINITIALIZED
                  00006800    00000022     DSP2833x_GlobalVariableDefs.obj (EPwm1RegsFile)

EPwm2RegsFile 
*          1    00006840    00000022     UNINITIALIZED
                  00006840    00000022     DSP2833x_GlobalVariableDefs.obj (EPwm2RegsFile)

EPwm3RegsFile 
*          1    00006880    00000022     UNINITIALIZED
                  00006880    00000022     DSP2833x_GlobalVariableDefs.obj (EPwm3RegsFile)

EPwm4RegsFile 
*          1    000068c0    00000022     UNINITIALIZED
                  000068c0    00000022     DSP2833x_GlobalVariableDefs.obj (EPwm4RegsFile)

EPwm5RegsFile 
*          1    00006900    00000022     UNINITIALIZED
                  00006900    00000022     DSP2833x_GlobalVariableDefs.obj (EPwm5RegsFile)

EPwm6RegsFile 
*          1    00006940    00000022     UNINITIALIZED
                  00006940    00000022     DSP2833x_GlobalVariableDefs.obj (EPwm6RegsFile)

ECap1RegsFile 
*          1    00006a00    00000020     UNINITIALIZED
                  00006a00    00000020     DSP2833x_GlobalVariableDefs.obj (ECap1RegsFile)

ECap2RegsFile 
*          1    00006a20    00000020     UNINITIALIZED
                  00006a20    00000020     DSP2833x_GlobalVariableDefs.obj (ECap2RegsFile)

ECap3RegsFile 
*          1    00006a40    00000020     UNINITIALIZED
                  00006a40    00000020     DSP2833x_GlobalVariableDefs.obj (ECap3RegsFile)

ECap4RegsFile 
*          1    00006a60    00000020     UNINITIALIZED
                  00006a60    00000020     DSP2833x_GlobalVariableDefs.obj (ECap4RegsFile)

ECap5RegsFile 
*          1    00006a80    00000020     UNINITIALIZED
                  00006a80    00000020     DSP2833x_GlobalVariableDefs.obj (ECap5RegsFile)

ECap6RegsFile 
*          1    00006aa0    00000020     UNINITIALIZED
                  00006aa0    00000020     DSP2833x_GlobalVariableDefs.obj (ECap6RegsFile)

EQep1RegsFile 
*          1    00006b00    00000040     UNINITIALIZED
                  00006b00    00000040     DSP2833x_GlobalVariableDefs.obj (EQep1RegsFile)

EQep2RegsFile 
*          1    00006b40    00000040     UNINITIALIZED
                  00006b40    00000040     DSP2833x_GlobalVariableDefs.obj (EQep2RegsFile)

GpioCtrlRegsFile 
*          1    00006f80    0000002e     UNINITIALIZED
                  00006f80    0000002e     DSP2833x_GlobalVariableDefs.obj (GpioCtrlRegsFile)

GpioDataRegsFile 
*          1    00006fc0    00000020     UNINITIALIZED
                  00006fc0    00000020     DSP2833x_GlobalVariableDefs.obj (GpioDataRegsFile)

GpioIntRegsFile 
*          1    00006fe0    0000000a     UNINITIALIZED
                  00006fe0    0000000a     DSP2833x_GlobalVariableDefs.obj (GpioIntRegsFile)

SysCtrlRegsFile 
*          1    00007010    00000020     UNINITIALIZED
                  00007010    00000020     DSP2833x_GlobalVariableDefs.obj (SysCtrlRegsFile)

SpiaRegsFile 
*          1    00007040    00000010     UNINITIALIZED
                  00007040    00000010     DSP2833x_GlobalVariableDefs.obj (SpiaRegsFile)

SciaRegsFile 
*          1    00007050    00000010     UNINITIALIZED
                  00007050    00000010     DSP2833x_GlobalVariableDefs.obj (SciaRegsFile)

XIntruptRegsFile 
*          1    00007070    00000010     UNINITIALIZED
                  00007070    00000010     DSP2833x_GlobalVariableDefs.obj (XIntruptRegsFile)

AdcRegsFile 
*          1    00007100    0000001e     UNINITIALIZED
                  00007100    0000001e     DSP2833x_GlobalVariableDefs.obj (AdcRegsFile)

ScibRegsFile 
*          1    00007750    00000010     UNINITIALIZED
                  00007750    00000010     DSP2833x_GlobalVariableDefs.obj (ScibRegsFile)

ScicRegsFile 
*          1    00007770    00000010     UNINITIALIZED
                  00007770    00000010     DSP2833x_GlobalVariableDefs.obj (ScicRegsFile)

I2caRegsFile 
*          1    00007900    00000022     UNINITIALIZED
                  00007900    00000022     DSP2833x_GlobalVariableDefs.obj (I2caRegsFile)

.ebss      1    0000c000    00000632     UNINITIALIZED
                  0000c000    00000612     Slave_DSP_main.obj (.ebss)
                  0000c612    00000018     DSP2833x_CpuTimers.obj (.ebss)
                  0000c62a    00000004     rts2800_fpu32.lib : _lock.obj (.ebss)
                  0000c62e    00000004                       : exit.obj (.ebss)

.econst    1    0000d000    000004ec     
                  0000d000    00000101     rts2800_fpu32.lib : ctype.obj (.econst:__ctypes_)
                  0000d101    00000001     --HOLE-- [fill = 0]
                  0000d102    00000100     DSP2833x_PieVect.obj (.econst)
                  0000d202    00000100     Slave_DSP_Modbus485.obj (.econst:_auchCRCHi)
                  0000d302    00000100     Slave_DSP_Modbus485.obj (.econst:_auchCRCLo)
                  0000d402    00000070     Slave_DSP_BIT.obj (.econst:.string)
                  0000d472    0000002d     Slave_DSP_main.obj (.econst:.string)
                  0000d49f    00000001     --HOLE-- [fill = 0]
                  0000d4a0    00000024     rts2800_fpu32.lib : _printfi.obj (.econst:.string)
                  0000d4c4    00000018                       : _printfi.obj (.econst)
                  0000d4dc    00000010     Slave_DSP_Modbus485.obj (.econst)

CsmPwlFile 
*          1    0033fff8    00000008     UNINITIALIZED
                  0033fff8    00000008     DSP2833x_GlobalVariableDefs.obj (CsmPwlFile)

PartIdRegsFile 
*          1    00380090    00000001     UNINITIALIZED
                  00380090    00000001     DSP2833x_GlobalVariableDefs.obj (PartIdRegsFile)


GLOBAL SYMBOLS: SORTED ALPHABETICALLY BY Name 

address    name
--------   ----
00008000   .text
0000a500   C$$EXIT
00009efa   FD$$ADD
0000a353   FD$$CMP
00009f96   FD$$DIV
0000a0a9   FD$$MPY
0000a5a1   FD$$NEG
0000a580   FD$$SUB
0000a3f3   FD$$TOI
0000a455   FD$$TOL
0000a4e5   FD$$TOUL
0000a021   FS$$DIV
0000a492   FS$$TOFD
0000a37d   L$$DIV
0000a38c   L$$MOD
0000a4ae   L$$TOFD
0000a474   LL$$CMP
00009ad2   LL$$DIV
00009b0e   LL$$MOD
0000a547   LL$$MPY
0000a39a   UL$$DIV
0000a3a1   UL$$MOD
0000a531   UL$$TOFD
0000a486   ULL$$CMP
00009b48   ULL$$DIV
00009b77   ULL$$MOD
000096b7   _AD7793_Read_Reg
00009765   _AD7793_Reset
00009643   _AD7793_Rx_Data
0000977f   _AD7793_Struct_Init
00009625   _AD7793_Tx_Data
0000965e   _AD7793_Write_Reg
00008e81   _ADCINT_ISR
000091d7   _ADC_Init
0000916a   _ADC_Reg_Read
0000910b   _ADC_Reg_Write
000090e6   _ADC_Reset
000090cc   _ADC_Rx_Data
00009252   _ADC_Start
00009268   _ADC_Stop
000092ac   _ADC_Structure_Init
000090b1   _ADC_Tx_Data
0000927e   _ADC_Update
00380080   _ADC_cal
00000b00   _AdcMirror
00007100   _AdcRegs
000092c1   _CAN_A_GPIO_Init
000093ea   _CAN_A_Msg_Object_Setting
000092e5   _CAN_A_Reg_Init
0000943b   _CAN_A_Rx_ISR
000092d1   _CAN_B_GPIO_Init
00009363   _CAN_B_Reg_Init
000093e1   _CAN_Init
00008d47   _Check_Rx_CRC
0000a1d9   _ConfigCpuTimer
0000c622   _CpuTimer0
00000c00   _CpuTimer0Regs
0000c612   _CpuTimer1
00000c08   _CpuTimer1Regs
0000c61a   _CpuTimer2
00000c10   _CpuTimer2Regs
0033fff8   _CsmPwl
00000ae0   _CsmRegs
00009aa1   _CsmUnlock
00008daf   _DATALOG_ISR
00008fa3   _DINTCH1_ISR
00008fad   _DINTCH2_ISR
00008fb7   _DINTCH3_ISR
00008fc1   _DINTCH4_ISR
00008fcb   _DINTCH5_ISR
00008fd5   _DINTCH6_ISR
0000a519   _DI_Update
0000a528   _DO_Update
0000a5c2   _DSP28x_usDelay
0000950b   _Debug_SCI_FIFO_Init
000094ac   _Debug_SCI_GPIO_Init
00009533   _Debug_SCI_Init
000095ca   _Debug_SCI_Interrupt_Init
000094c2   _Debug_SCI_Reg_Init
00009563   _Debug_SCI_Rx
00009577   _Debug_SCI_Rx_ISR
0000956a   _Debug_SCI_Tx
00000880   _DevEmuRegs
000099f0   _DisableDog
00001000   _DmaRegs
0000902f   _ECAN0INTA_ISR
00009043   _ECAN0INTB_ISR
00009039   _ECAN1INTA_ISR
0000904d   _ECAN1INTB_ISR
00008f17   _ECAP1_INT_ISR
00008f21   _ECAP2_INT_ISR
00008f2b   _ECAP3_INT_ISR
00008f35   _ECAP4_INT_ISR
00008f3f   _ECAP5_INT_ISR
00008f49   _ECAP6_INT_ISR
00006040   _ECanaLAMRegs
000060c0   _ECanaMOTORegs
00006080   _ECanaMOTSRegs
00006100   _ECanaMboxes
00006000   _ECanaRegs
00006240   _ECanbLAMRegs
000062c0   _ECanbMOTORegs
00006280   _ECanbMOTSRegs
00006300   _ECanbMboxes
00006200   _ECanbRegs
00006a00   _ECap1Regs
00006a20   _ECap2Regs
00006a40   _ECap3Regs
00006a60   _ECap4Regs
00006a80   _ECap5Regs
00006aa0   _ECap6Regs
00008dc3   _EMUINT_ISR
00008edb   _EPWM1_INT_ISR
00008e9f   _EPWM1_TZINT_ISR
00008ee5   _EPWM2_INT_ISR
00008ea9   _EPWM2_TZINT_ISR
00008eef   _EPWM3_INT_ISR
00008eb3   _EPWM3_TZINT_ISR
00008ef9   _EPWM4_INT_ISR
00008ebd   _EPWM4_TZINT_ISR
00008f03   _EPWM5_INT_ISR
00008ec7   _EPWM5_TZINT_ISR
00008f0d   _EPWM6_INT_ISR
00008ed1   _EPWM6_TZINT_ISR
00006800   _EPwm1Regs
00006840   _EPwm2Regs
00006880   _EPwm3Regs
000068c0   _EPwm4Regs
00006900   _EPwm5Regs
00006940   _EPwm6Regs
00008f53   _EQEP1_INT_ISR
00008f5d   _EQEP2_INT_ISR
00006b00   _EQep1Regs
00006b40   _EQep2Regs
0000a3c6   _EnableInterrupts
00009ea0   _External_Interface_GPIO_Init
00009e4d   _External_Interface_Init
00000a80   _FlashRegs
0000a55b   _GPIO_Init
00006f80   _GpioCtrlRegs
00006fc0   _GpioDataRegs
00006fe0   _GpioIntRegs
00008fdf   _I2CINT1A_ISR
00008fe9   _I2CINT2A_ISR
0000a214   _I2C_Init
00007900   _I2caRegs
00008dd7   _ILLEGAL_ISR
00008d9b   _INT13_ISR
00008da5   _INT14_ISR
0000a1a2   _InitCpuTimers
000099cb   _InitFlash
00009a46   _InitPeripheralClocks
0000a3a7   _InitPieCtrl
0000a435   _InitPieVectTable
000099f8   _InitPll
000099c2   _InitSysCtrl
00009cc3   _Init_SPI_GPIO
0000a3cf   _Internal_Thermo_Update
00009093   _LUF_ISR
00009089   _LVF_ISR
0000a569   _L_DSP_RUN_LED_Toggle
00008f8f   _MRINTA_ISR
00008f7b   _MRINTB_ISR
00008f99   _MXINTA_ISR
00008f85   _MXINTB_ISR
0000c005   _Main_LoopCount
00008d71   _Make_Tx_CRC
00009bd9   _McBSP_A_GPIO_Init
00009c79   _McBSP_A_Rx_Data
00009c72   _McBSP_A_Tx_Data
00009bf8   _McBSP_B_GPIO_Init
00009c98   _McBSP_B_Rx_Data
00009c91   _McBSP_B_Tx_Data
00009c0e   _McBSP_Init_SPI
00009cad   _McBSP_delay_loop
00005000   _McbspaRegs
00005040   _McbspbRegs
000098b1   _Memory_BIT
0000995b   _Memory_Count_Test
00009940   _Memory_Save_Count
000089d5   _Modbus_FIFO_Init
0000895f   _Modbus_GPIO_Init
00008a44   _Modbus_Init
00008b54   _Modbus_Interrupt_Init
0000897b   _Modbus_Reg_Init
00008a5f   _Modbus_Rx
00008ae0   _Modbus_Rx_ISR
00008b63   _Modbus_Rx_Process
000089fd   _Modbus_Structure_Init
00008a72   _Modbus_Tx
00008a66   _Modbus_Tx_byte
00008dcd   _NMI_ISR
0000909d   _PIE_RESERVED
00380090   _PartIdRegs
00000ce0   _PieCtrlRegs
00000d00   _PieVectTable
0000d102   _PieVectTableInit
00008c96   _Preset_Multiple_Register
00008c3d   _Preset_Single_Register
00009980   _Print_Memory_Error
000095d9   _Printf
0000a12c   _RTD_Update
00008db9   _RTOSINT_ISR
00008bde   _Read_Holding_Register
0000a25c   _Read_I2C_Data
00009007   _SCIRXINTA_ISR
0000901b   _SCIRXINTB_ISR
00008ff3   _SCIRXINTC_ISR
00009011   _SCITXINTA_ISR
00009025   _SCITXINTB_ISR
00008ffd   _SCITXINTC_ISR
00008e59   _SEQ1INT_ISR
00008e63   _SEQ2INT_ISR
00008f67   _SPIRXINTA_ISR
00008f71   _SPITXINTA_ISR
00009ce3   _SPI_FIFO_Init
00009d0e   _SPI_Init
00009d47   _SPI_Loopback_Test
00009d39   _SPI_Receive
00009d32   _SPI_Xmit
00007050   _SciaRegs
00007750   _ScibRegs
00007770   _ScicRegs
000099e6   _ServiceDog
0000c00a   _Slave_DIO
00009de9   _Slave_DSP_Init
00007040   _SpiaRegs
00007010   _SysCtrlRegs
000098af   _System_Hold
00008e8b   _TINT0_ISR
0000c008   _Temperature
00009866   _Thermo_Get_Data
00009820   _Thermo_Get_Data1
0000983d   _Thermo_Get_Data2
0000978c   _Thermo_Struct_Init
000097b2   _Thermocouple_Init
0000c006   _Timer0TickCount
00009d9e   _Timer0_ISR
00008e3b   _USER10_ISR
00008e45   _USER11_ISR
00008e4f   _USER12_ISR
00008de1   _USER1_ISR
00008deb   _USER2_ISR
00008df5   _USER3_ISR
00008dff   _USER4_ISR
00008e09   _USER5_ISR
00008e13   _USER6_ISR
00008e1d   _USER7_ISR
00008e27   _USER8_ISR
00008e31   _USER9_ISR
00008e95   _WAKEINT_ISR
0000a23d   _Write_I2C_Data
00008e6d   _XINT1_ISR
00008e77   _XINT2_ISR
00009057   _XINT3_ISR
00009061   _XINT4_ISR
0000906b   _XINT5_ISR
00009075   _XINT6_ISR
0000907f   _XINT7_ISR
00007070   _XIntruptRegs
00000b20   _XintfRegs
00000800   __STACK_END
00000400   __STACK_SIZE
00000001   __TI_args_main
ffffffff   ___binit__
ffffffff   ___c_args__
0000a5c6   ___cinit__
0000a5c6   ___etext__
0000a414   ___memcpy_ff
ffffffff   ___pinit__
00008000   ___text__
0000a4ca   __args_main
0000c62e   __cleanup_ptr
0000d000   __ctypes_
0000c630   __dtors_ptr
0000c62c   __lock
0000a5a0   __nop
00008859   __printfi
0000a59c   __register_lock
0000a598   __register_unlock
00000400   __stack
0000c62a   __unlock
0000a500   _abort
0000a2c6   _atoi
0000d202   _auchCRCHi
0000d302   _auchCRCLo
0000a280   _c_int00
0000a502   _exit
0000a2f7   _ltoa
00009d8d   _main
0000c003   _mem_test_result1
0000c004   _mem_test_result2
0000c000   _mem_test_result3
0000c001   _mem_test_result4
0000a56e   _memccpy
0000a5bb   _memset
000090a7   _rsvd_ISR
0000c00e   _s_AD7793
0000c080   _s_ADC_In
0000c002   _s_BIT_Info
0000c01a   _s_CAN
0000c180   _s_Debug_buffer
0000c280   _s_Modbus_buffer
0000c040   _s_RTD
0000c100   _s_Thermo_Couple
0000a5aa   _strcpy
0000a58e   _strlen
0000a325   _vsprintf
ffffffff   binit
0000a5c6   cinit
00000000   code_start
0000a5c6   etext
ffffffff   pinit


GLOBAL SYMBOLS: SORTED BY Symbol Address 

address    name
--------   ----
00000000   code_start
00000001   __TI_args_main
00000400   __STACK_SIZE
00000400   __stack
00000800   __STACK_END
00000880   _DevEmuRegs
00000a80   _FlashRegs
00000ae0   _CsmRegs
00000b00   _AdcMirror
00000b20   _XintfRegs
00000c00   _CpuTimer0Regs
00000c08   _CpuTimer1Regs
00000c10   _CpuTimer2Regs
00000ce0   _PieCtrlRegs
00000d00   _PieVectTable
00001000   _DmaRegs
00005000   _McbspaRegs
00005040   _McbspbRegs
00006000   _ECanaRegs
00006040   _ECanaLAMRegs
00006080   _ECanaMOTSRegs
000060c0   _ECanaMOTORegs
00006100   _ECanaMboxes
00006200   _ECanbRegs
00006240   _ECanbLAMRegs
00006280   _ECanbMOTSRegs
000062c0   _ECanbMOTORegs
00006300   _ECanbMboxes
00006800   _EPwm1Regs
00006840   _EPwm2Regs
00006880   _EPwm3Regs
000068c0   _EPwm4Regs
00006900   _EPwm5Regs
00006940   _EPwm6Regs
00006a00   _ECap1Regs
00006a20   _ECap2Regs
00006a40   _ECap3Regs
00006a60   _ECap4Regs
00006a80   _ECap5Regs
00006aa0   _ECap6Regs
00006b00   _EQep1Regs
00006b40   _EQep2Regs
00006f80   _GpioCtrlRegs
00006fc0   _GpioDataRegs
00006fe0   _GpioIntRegs
00007010   _SysCtrlRegs
00007040   _SpiaRegs
00007050   _SciaRegs
00007070   _XIntruptRegs
00007100   _AdcRegs
00007750   _ScibRegs
00007770   _ScicRegs
00007900   _I2caRegs
00008000   .text
00008000   ___text__
00008859   __printfi
0000895f   _Modbus_GPIO_Init
0000897b   _Modbus_Reg_Init
000089d5   _Modbus_FIFO_Init
000089fd   _Modbus_Structure_Init
00008a44   _Modbus_Init
00008a5f   _Modbus_Rx
00008a66   _Modbus_Tx_byte
00008a72   _Modbus_Tx
00008ae0   _Modbus_Rx_ISR
00008b54   _Modbus_Interrupt_Init
00008b63   _Modbus_Rx_Process
00008bde   _Read_Holding_Register
00008c3d   _Preset_Single_Register
00008c96   _Preset_Multiple_Register
00008d47   _Check_Rx_CRC
00008d71   _Make_Tx_CRC
00008d9b   _INT13_ISR
00008da5   _INT14_ISR
00008daf   _DATALOG_ISR
00008db9   _RTOSINT_ISR
00008dc3   _EMUINT_ISR
00008dcd   _NMI_ISR
00008dd7   _ILLEGAL_ISR
00008de1   _USER1_ISR
00008deb   _USER2_ISR
00008df5   _USER3_ISR
00008dff   _USER4_ISR
00008e09   _USER5_ISR
00008e13   _USER6_ISR
00008e1d   _USER7_ISR
00008e27   _USER8_ISR
00008e31   _USER9_ISR
00008e3b   _USER10_ISR
00008e45   _USER11_ISR
00008e4f   _USER12_ISR
00008e59   _SEQ1INT_ISR
00008e63   _SEQ2INT_ISR
00008e6d   _XINT1_ISR
00008e77   _XINT2_ISR
00008e81   _ADCINT_ISR
00008e8b   _TINT0_ISR
00008e95   _WAKEINT_ISR
00008e9f   _EPWM1_TZINT_ISR
00008ea9   _EPWM2_TZINT_ISR
00008eb3   _EPWM3_TZINT_ISR
00008ebd   _EPWM4_TZINT_ISR
00008ec7   _EPWM5_TZINT_ISR
00008ed1   _EPWM6_TZINT_ISR
00008edb   _EPWM1_INT_ISR
00008ee5   _EPWM2_INT_ISR
00008eef   _EPWM3_INT_ISR
00008ef9   _EPWM4_INT_ISR
00008f03   _EPWM5_INT_ISR
00008f0d   _EPWM6_INT_ISR
00008f17   _ECAP1_INT_ISR
00008f21   _ECAP2_INT_ISR
00008f2b   _ECAP3_INT_ISR
00008f35   _ECAP4_INT_ISR
00008f3f   _ECAP5_INT_ISR
00008f49   _ECAP6_INT_ISR
00008f53   _EQEP1_INT_ISR
00008f5d   _EQEP2_INT_ISR
00008f67   _SPIRXINTA_ISR
00008f71   _SPITXINTA_ISR
00008f7b   _MRINTB_ISR
00008f85   _MXINTB_ISR
00008f8f   _MRINTA_ISR
00008f99   _MXINTA_ISR
00008fa3   _DINTCH1_ISR
00008fad   _DINTCH2_ISR
00008fb7   _DINTCH3_ISR
00008fc1   _DINTCH4_ISR
00008fcb   _DINTCH5_ISR
00008fd5   _DINTCH6_ISR
00008fdf   _I2CINT1A_ISR
00008fe9   _I2CINT2A_ISR
00008ff3   _SCIRXINTC_ISR
00008ffd   _SCITXINTC_ISR
00009007   _SCIRXINTA_ISR
00009011   _SCITXINTA_ISR
0000901b   _SCIRXINTB_ISR
00009025   _SCITXINTB_ISR
0000902f   _ECAN0INTA_ISR
00009039   _ECAN1INTA_ISR
00009043   _ECAN0INTB_ISR
0000904d   _ECAN1INTB_ISR
00009057   _XINT3_ISR
00009061   _XINT4_ISR
0000906b   _XINT5_ISR
00009075   _XINT6_ISR
0000907f   _XINT7_ISR
00009089   _LVF_ISR
00009093   _LUF_ISR
0000909d   _PIE_RESERVED
000090a7   _rsvd_ISR
000090b1   _ADC_Tx_Data
000090cc   _ADC_Rx_Data
000090e6   _ADC_Reset
0000910b   _ADC_Reg_Write
0000916a   _ADC_Reg_Read
000091d7   _ADC_Init
00009252   _ADC_Start
00009268   _ADC_Stop
0000927e   _ADC_Update
000092ac   _ADC_Structure_Init
000092c1   _CAN_A_GPIO_Init
000092d1   _CAN_B_GPIO_Init
000092e5   _CAN_A_Reg_Init
00009363   _CAN_B_Reg_Init
000093e1   _CAN_Init
000093ea   _CAN_A_Msg_Object_Setting
0000943b   _CAN_A_Rx_ISR
000094ac   _Debug_SCI_GPIO_Init
000094c2   _Debug_SCI_Reg_Init
0000950b   _Debug_SCI_FIFO_Init
00009533   _Debug_SCI_Init
00009563   _Debug_SCI_Rx
0000956a   _Debug_SCI_Tx
00009577   _Debug_SCI_Rx_ISR
000095ca   _Debug_SCI_Interrupt_Init
000095d9   _Printf
00009625   _AD7793_Tx_Data
00009643   _AD7793_Rx_Data
0000965e   _AD7793_Write_Reg
000096b7   _AD7793_Read_Reg
00009765   _AD7793_Reset
0000977f   _AD7793_Struct_Init
0000978c   _Thermo_Struct_Init
000097b2   _Thermocouple_Init
00009820   _Thermo_Get_Data1
0000983d   _Thermo_Get_Data2
00009866   _Thermo_Get_Data
000098af   _System_Hold
000098b1   _Memory_BIT
00009940   _Memory_Save_Count
0000995b   _Memory_Count_Test
00009980   _Print_Memory_Error
000099c2   _InitSysCtrl
000099cb   _InitFlash
000099e6   _ServiceDog
000099f0   _DisableDog
000099f8   _InitPll
00009a46   _InitPeripheralClocks
00009aa1   _CsmUnlock
00009ad2   LL$$DIV
00009b0e   LL$$MOD
00009b48   ULL$$DIV
00009b77   ULL$$MOD
00009bd9   _McBSP_A_GPIO_Init
00009bf8   _McBSP_B_GPIO_Init
00009c0e   _McBSP_Init_SPI
00009c72   _McBSP_A_Tx_Data
00009c79   _McBSP_A_Rx_Data
00009c91   _McBSP_B_Tx_Data
00009c98   _McBSP_B_Rx_Data
00009cad   _McBSP_delay_loop
00009cc3   _Init_SPI_GPIO
00009ce3   _SPI_FIFO_Init
00009d0e   _SPI_Init
00009d32   _SPI_Xmit
00009d39   _SPI_Receive
00009d47   _SPI_Loopback_Test
00009d8d   _main
00009d9e   _Timer0_ISR
00009de9   _Slave_DSP_Init
00009e4d   _External_Interface_Init
00009ea0   _External_Interface_GPIO_Init
00009efa   FD$$ADD
00009f96   FD$$DIV
0000a021   FS$$DIV
0000a0a9   FD$$MPY
0000a12c   _RTD_Update
0000a1a2   _InitCpuTimers
0000a1d9   _ConfigCpuTimer
0000a214   _I2C_Init
0000a23d   _Write_I2C_Data
0000a25c   _Read_I2C_Data
0000a280   _c_int00
0000a2c6   _atoi
0000a2f7   _ltoa
0000a325   _vsprintf
0000a353   FD$$CMP
0000a37d   L$$DIV
0000a38c   L$$MOD
0000a39a   UL$$DIV
0000a3a1   UL$$MOD
0000a3a7   _InitPieCtrl
0000a3c6   _EnableInterrupts
0000a3cf   _Internal_Thermo_Update
0000a3f3   FD$$TOI
0000a414   ___memcpy_ff
0000a435   _InitPieVectTable
0000a455   FD$$TOL
0000a474   LL$$CMP
0000a486   ULL$$CMP
0000a492   FS$$TOFD
0000a4ae   L$$TOFD
0000a4ca   __args_main
0000a4e5   FD$$TOUL
0000a500   C$$EXIT
0000a500   _abort
0000a502   _exit
0000a519   _DI_Update
0000a528   _DO_Update
0000a531   UL$$TOFD
0000a547   LL$$MPY
0000a55b   _GPIO_Init
0000a569   _L_DSP_RUN_LED_Toggle
0000a56e   _memccpy
0000a580   FD$$SUB
0000a58e   _strlen
0000a598   __register_unlock
0000a59c   __register_lock
0000a5a0   __nop
0000a5a1   FD$$NEG
0000a5aa   _strcpy
0000a5bb   _memset
0000a5c2   _DSP28x_usDelay
0000a5c6   ___cinit__
0000a5c6   ___etext__
0000a5c6   cinit
0000a5c6   etext
0000c000   _mem_test_result3
0000c001   _mem_test_result4
0000c002   _s_BIT_Info
0000c003   _mem_test_result1
0000c004   _mem_test_result2
0000c005   _Main_LoopCount
0000c006   _Timer0TickCount
0000c008   _Temperature
0000c00a   _Slave_DIO
0000c00e   _s_AD7793
0000c01a   _s_CAN
0000c040   _s_RTD
0000c080   _s_ADC_In
0000c100   _s_Thermo_Couple
0000c180   _s_Debug_buffer
0000c280   _s_Modbus_buffer
0000c612   _CpuTimer1
0000c61a   _CpuTimer2
0000c622   _CpuTimer0
0000c62a   __unlock
0000c62c   __lock
0000c62e   __cleanup_ptr
0000c630   __dtors_ptr
0000d000   __ctypes_
0000d102   _PieVectTableInit
0000d202   _auchCRCHi
0000d302   _auchCRCLo
0033fff8   _CsmPwl
00380080   _ADC_cal
00380090   _PartIdRegs
ffffffff   ___binit__
ffffffff   ___c_args__
ffffffff   ___pinit__
ffffffff   binit
ffffffff   pinit

[313 symbols]
