******************************************************************************
             TMS320C2000 Linker PC v5.2.11                     
******************************************************************************
>> Linked Wed Jan 09 15:59:17 2013

OUTPUT FILE NAME:   <./Debug/HiMECS_Main_DSP.out>
ENTRY POINT SYMBOL: "_c_int00"  address: 0000a0e1


MEMORY CONFIGURATION

         name            origin    length      used     unused   attr    fill
----------------------  --------  ---------  --------  --------  ----  --------
PAGE 0:
  BEGIN                 00000000   00000002  00000002  00000000  RWIX
  RAMM0                 00000050   000003b0  00000000  000003b0  RWIX
  RAML                  00008000   00004000  00002494  00001b6c  RWIX
  CSM_RSVD              0033ff80   00000076  00000000  00000076  RWIX
  CSM_PWL               0033fff8   00000008  00000000  00000008  RWIX
  ADC_CAL               00380080   00000009  00000007  00000002  RWIX
  IQTABLES              003fe000   00000b50  00000000  00000b50  RWIX
  IQTABLES2             003feb50   0000008c  00000000  0000008c  RWIX
  FPUTABLES             003febdc   000006a0  00000000  000006a0  RWIX
  BOOTROM               003ff27c   00000d44  00000000  00000d44  RWIX
  RESET                 003fffc0   00000002  00000000  00000002  RWIX

PAGE 1:
  BOOT_RSVD             00000002   0000004e  00000000  0000004e  RWIX
  RAMM1                 00000400   00000400  00000400  00000000  RWIX
  DEV_EMU               00000880   00000180  000000d0  000000b0  RWIX
  FLASH_REGS            00000a80   00000060  00000008  00000058  RWIX
  CSM                   00000ae0   00000010  00000010  00000000  RWIX
  ADC_MIRROR            00000b00   00000010  00000010  00000000  RWIX
  XINTF                 00000b20   00000020  0000001e  00000002  RWIX
  CPU_TIMER0            00000c00   00000008  00000008  00000000  RWIX
  CPU_TIMER1            00000c08   00000008  00000008  00000000  RWIX
  CPU_TIMER2            00000c10   00000008  00000008  00000000  RWIX
  PIE_CTRL              00000ce0   00000020  0000001a  00000006  RWIX
  PIE_VECT              00000d00   00000100  00000100  00000000  RWIX
  DMA                   00001000   00000200  000000e0  00000120  RWIX
  MCBSPA                00005000   00000040  00000025  0000001b  RWIX
  MCBSPB                00005040   00000040  00000025  0000001b  RWIX
  ECANA                 00006000   00000040  00000034  0000000c  RWIX
  ECANA_LAM             00006040   00000040  00000040  00000000  RWIX
  ECANA_MOTS            00006080   00000040  00000040  00000000  RWIX
  ECANA_MOTO            000060c0   00000040  00000040  00000000  RWIX
  ECANA_MBOX            00006100   00000100  00000100  00000000  RWIX
  ECANB                 00006200   00000040  00000034  0000000c  RWIX
  ECANB_LAM             00006240   00000040  00000040  00000000  RWIX
  ECANB_MOTS            00006280   00000040  00000040  00000000  RWIX
  ECANB_MOTO            000062c0   00000040  00000040  00000000  RWIX
  ECANB_MBOX            00006300   00000100  00000100  00000000  RWIX
  EPWM1                 00006800   00000022  00000022  00000000  RWIX
  EPWM2                 00006840   00000022  00000022  00000000  RWIX
  EPWM3                 00006880   00000022  00000022  00000000  RWIX
  EPWM4                 000068c0   00000022  00000022  00000000  RWIX
  EPWM5                 00006900   00000022  00000022  00000000  RWIX
  EPWM6                 00006940   00000022  00000022  00000000  RWIX
  ECAP1                 00006a00   00000020  00000020  00000000  RWIX
  ECAP2                 00006a20   00000020  00000020  00000000  RWIX
  ECAP3                 00006a40   00000020  00000020  00000000  RWIX
  ECAP4                 00006a60   00000020  00000020  00000000  RWIX
  ECAP5                 00006a80   00000020  00000020  00000000  RWIX
  ECAP6                 00006aa0   00000020  00000020  00000000  RWIX
  EQEP1                 00006b00   00000040  00000040  00000000  RWIX
  EQEP2                 00006b40   00000040  00000040  00000000  RWIX
  GPIOCTRL              00006f80   00000040  0000002e  00000012  RWIX
  GPIODAT               00006fc0   00000020  00000020  00000000  RWIX
  GPIOINT               00006fe0   00000020  0000000a  00000016  RWIX
  SYSTEM                00007010   00000020  00000020  00000000  RWIX
  SPIA                  00007040   00000010  00000010  00000000  RWIX
  SCIA                  00007050   00000010  00000010  00000000  RWIX
  XINTRUPT              00007070   00000010  00000010  00000000  RWIX
  ADC                   00007100   00000020  0000001e  00000002  RWIX
  SCIB                  00007750   00000010  00000010  00000000  RWIX
  SCIC                  00007770   00000010  00000010  00000000  RWIX
  I2CA                  00007900   00000040  00000022  0000001e  RWIX
  RAML4                 0000c000   00001000  00000339  00000cc7  RWIX
  RAML5                 0000d000   00001000  0000033c  00000cc4  RWIX
  RAML6                 0000e000   00001000  00000000  00001000  RWIX
  RAML7                 0000f000   00001000  00000000  00001000  RWIX
  CSM_PWL               0033fff8   00000008  00000008  00000000  RWIX
  PARTID                00380090   00000001  00000001  00000000  RWIX


SECTION ALLOCATION MAP

 output                                  attributes/
section   page    origin      length       input sections
--------  ----  ----------  ----------   ----------------
codestart 
*          0    00000000    00000002     
                  00000000    00000002     DSP2833x_CodeStartBranch.obj (codestart)

.pinit     0    00008000    00000000     UNINITIALIZED

.text      0    00008000    000023e3     
                  00008000    0000095f     rts2800_fpu32.lib : _printfi.obj (.text)
                  0000895f    00000316     DSP2833x_DefaultIsr.obj (.text)
                  00008c75    000002aa     Main_DSP_Analog_Input.obj (.text)
                  00008f1f    00000255     Main_DSP_Sensor_Monitor.obj (.text)
                  00009174    000001ed     Main_DSP_main.obj (.text)
                  00009361    000001ba     Main_DSP_RTC.obj (.text)
                  0000951b    00000179     Main_DSP_Debug_SCI.obj (.text)
                  00009694    00000136     Main_DSP_Analog_Output.obj (.text)
                  000097ca    00000123     Main_DSP_Modbus.obj (.text)
                  000098ed    00000113     Main_DSP_BIT.obj (.text)
                  00009a00    00000110     DSP2833x_SysCtrl.obj (.text)
                  00009b10    00000107     rts2800_fpu32.lib : ll_div.obj (.text)
                  00009c17    000000ea     Main_DSP_McBSP.obj (.text)
                  00009d01    000000ad     Main_DSP_External_Interface.obj (.text)
                  00009dae    0000009c     rts2800_fpu32.lib : fd_add.obj (.text)
                  00009e4a    0000008f     Main_DSP_I2C.obj (.text)
                  00009ed9    0000008b     rts2800_fpu32.lib : fd_div.obj (.text)
                  00009f64    00000088                       : fs_div.obj (.text)
                  00009fec    00000083                       : fd_mpy.obj (.text)
                  0000a06f    00000072     DSP2833x_CpuTimers.obj (.text)
                  0000a0e1    00000046     rts2800_fpu32.lib : boot.obj (.text)
                  0000a127    00000031                       : atoi.obj (.text)
                  0000a158    0000002e                       : ltoa.obj (.text)
                  0000a186    0000002e                       : vsprintf.obj (.text)
                  0000a1b4    0000002a                       : fd_cmp.obj (.text)
                  0000a1de    0000002a                       : l_div.obj (.text)
                  0000a208    00000028     DSP2833x_PieCtrl.obj (.text)
                  0000a230    00000021     rts2800_fpu32.lib : fd_toi.obj (.text)
                  0000a251    00000021                       : memcpy_ff.obj (.text)
                  0000a272    00000020     DSP2833x_PieVect.obj (.text)
                  0000a292    0000001f     rts2800_fpu32.lib : fd_tol.obj (.text)
                  0000a2b1    0000001e     Main_DSP_Digital_IO.obj (.text)
                  0000a2cf    0000001e     rts2800_fpu32.lib : ll_cmp.obj (.text)
                  0000a2ed    0000001c                       : fs_tofd.obj (.text)
                  0000a309    0000001c                       : l_tofd.obj (.text)
                  0000a325    0000001b                       : args_main.obj (.text)
                  0000a340    00000019                       : exit.obj (.text)
                  0000a359    00000014                       : ll_mpy.obj (.text)
                  0000a36d    00000013     Main_DSP_GPIO.obj (.text)
                  0000a380    00000012     rts2800_fpu32.lib : memccpy.obj (.text)
                  0000a392    0000000e                       : fd_sub.obj (.text)
                  0000a3a0    0000000b                       : u_div.obj (.text)
                  0000a3ab    0000000a                       : strlen.obj (.text)
                  0000a3b5    00000009                       : _lock.obj (.text)
                  0000a3be    00000009                       : fd_neg.obj (.text)
                  0000a3c7    00000009                       : strcpy.obj (.text)
                  0000a3d0    00000008     DSP2833x_CodeStartBranch.obj (.text)
                  0000a3d8    00000007     rts2800_fpu32.lib : memset.obj (.text)
                  0000a3df    00000004     DSP2833x_usDelay.obj (.text)

.cinit     0    0000a3e3    000000b1     
                  0000a3e3    00000074     Main_DSP_main.obj (.cinit)
                  0000a457    00000023     Main_DSP_Sensor_Monitor.obj (.cinit)
                  0000a47a    0000000a     rts2800_fpu32.lib : _lock.obj (.cinit)
                  0000a484    0000000a                       : exit.obj (.cinit)
                  0000a48e    00000004     Main_DSP_RTC.obj (.cinit)
                  0000a492    00000002     --HOLE-- [fill = 0]

csm_rsvd   0    0033ff80    00000000     DSECT

csmpasswds 
*          0    0033fff8    00000000     DSECT

.adc_cal   0    00380080    00000007     NOLOAD SECTION
                  00380080    00000007     DSP2833x_ADC_cal.obj (.adc_cal)

.reset     0    003fffc0    00000002     DSECT
                  003fffc0    00000002     rts2800_fpu32.lib : boot.obj (.reset)

.stack     1    00000400    00000400     UNINITIALIZED
                  00000400    00000400     --HOLE--

DevEmuRegsFile 
*          1    00000880    000000d0     UNINITIALIZED
                  00000880    000000d0     DSP2833x_GlobalVariableDefs.obj (DevEmuRegsFile)

FlashRegsFile 
*          1    00000a80    00000008     UNINITIALIZED
                  00000a80    00000008     DSP2833x_GlobalVariableDefs.obj (FlashRegsFile)

CsmRegsFile 
*          1    00000ae0    00000010     UNINITIALIZED
                  00000ae0    00000010     DSP2833x_GlobalVariableDefs.obj (CsmRegsFile)

AdcMirrorFile 
*          1    00000b00    00000010     UNINITIALIZED
                  00000b00    00000010     DSP2833x_GlobalVariableDefs.obj (AdcMirrorFile)

XintfRegsFile 
*          1    00000b20    0000001e     UNINITIALIZED
                  00000b20    0000001e     DSP2833x_GlobalVariableDefs.obj (XintfRegsFile)

CpuTimer0RegsFile 
*          1    00000c00    00000008     UNINITIALIZED
                  00000c00    00000008     DSP2833x_GlobalVariableDefs.obj (CpuTimer0RegsFile)

CpuTimer1RegsFile 
*          1    00000c08    00000008     UNINITIALIZED
                  00000c08    00000008     DSP2833x_GlobalVariableDefs.obj (CpuTimer1RegsFile)

CpuTimer2RegsFile 
*          1    00000c10    00000008     UNINITIALIZED
                  00000c10    00000008     DSP2833x_GlobalVariableDefs.obj (CpuTimer2RegsFile)

PieCtrlRegsFile 
*          1    00000ce0    0000001a     UNINITIALIZED
                  00000ce0    0000001a     DSP2833x_GlobalVariableDefs.obj (PieCtrlRegsFile)

PieVectTableFile 
*          1    00000d00    00000100     UNINITIALIZED
                  00000d00    00000100     DSP2833x_GlobalVariableDefs.obj (PieVectTableFile)

DmaRegsFile 
*          1    00001000    000000e0     UNINITIALIZED
                  00001000    000000e0     DSP2833x_GlobalVariableDefs.obj (DmaRegsFile)

McbspaRegsFile 
*          1    00005000    00000025     UNINITIALIZED
                  00005000    00000025     DSP2833x_GlobalVariableDefs.obj (McbspaRegsFile)

McbspbRegsFile 
*          1    00005040    00000025     UNINITIALIZED
                  00005040    00000025     DSP2833x_GlobalVariableDefs.obj (McbspbRegsFile)

ECanaRegsFile 
*          1    00006000    00000034     UNINITIALIZED
                  00006000    00000034     DSP2833x_GlobalVariableDefs.obj (ECanaRegsFile)

ECanaLAMRegsFile 
*          1    00006040    00000040     UNINITIALIZED
                  00006040    00000040     DSP2833x_GlobalVariableDefs.obj (ECanaLAMRegsFile)

ECanaMOTSRegsFile 
*          1    00006080    00000040     UNINITIALIZED
                  00006080    00000040     DSP2833x_GlobalVariableDefs.obj (ECanaMOTSRegsFile)

ECanaMOTORegsFile 
*          1    000060c0    00000040     UNINITIALIZED
                  000060c0    00000040     DSP2833x_GlobalVariableDefs.obj (ECanaMOTORegsFile)

ECanaMboxesFile 
*          1    00006100    00000100     UNINITIALIZED
                  00006100    00000100     DSP2833x_GlobalVariableDefs.obj (ECanaMboxesFile)

ECanbRegsFile 
*          1    00006200    00000034     UNINITIALIZED
                  00006200    00000034     DSP2833x_GlobalVariableDefs.obj (ECanbRegsFile)

ECanbLAMRegsFile 
*          1    00006240    00000040     UNINITIALIZED
                  00006240    00000040     DSP2833x_GlobalVariableDefs.obj (ECanbLAMRegsFile)

ECanbMOTSRegsFile 
*          1    00006280    00000040     UNINITIALIZED
                  00006280    00000040     DSP2833x_GlobalVariableDefs.obj (ECanbMOTSRegsFile)

ECanbMOTORegsFile 
*          1    000062c0    00000040     UNINITIALIZED
                  000062c0    00000040     DSP2833x_GlobalVariableDefs.obj (ECanbMOTORegsFile)

ECanbMboxesFile 
*          1    00006300    00000100     UNINITIALIZED
                  00006300    00000100     DSP2833x_GlobalVariableDefs.obj (ECanbMboxesFile)

EPwm1RegsFile 
*          1    00006800    00000022     UNINITIALIZED
                  00006800    00000022     DSP2833x_GlobalVariableDefs.obj (EPwm1RegsFile)

EPwm2RegsFile 
*          1    00006840    00000022     UNINITIALIZED
                  00006840    00000022     DSP2833x_GlobalVariableDefs.obj (EPwm2RegsFile)

EPwm3RegsFile 
*          1    00006880    00000022     UNINITIALIZED
                  00006880    00000022     DSP2833x_GlobalVariableDefs.obj (EPwm3RegsFile)

EPwm4RegsFile 
*          1    000068c0    00000022     UNINITIALIZED
                  000068c0    00000022     DSP2833x_GlobalVariableDefs.obj (EPwm4RegsFile)

EPwm5RegsFile 
*          1    00006900    00000022     UNINITIALIZED
                  00006900    00000022     DSP2833x_GlobalVariableDefs.obj (EPwm5RegsFile)

EPwm6RegsFile 
*          1    00006940    00000022     UNINITIALIZED
                  00006940    00000022     DSP2833x_GlobalVariableDefs.obj (EPwm6RegsFile)

ECap1RegsFile 
*          1    00006a00    00000020     UNINITIALIZED
                  00006a00    00000020     DSP2833x_GlobalVariableDefs.obj (ECap1RegsFile)

ECap2RegsFile 
*          1    00006a20    00000020     UNINITIALIZED
                  00006a20    00000020     DSP2833x_GlobalVariableDefs.obj (ECap2RegsFile)

ECap3RegsFile 
*          1    00006a40    00000020     UNINITIALIZED
                  00006a40    00000020     DSP2833x_GlobalVariableDefs.obj (ECap3RegsFile)

ECap4RegsFile 
*          1    00006a60    00000020     UNINITIALIZED
                  00006a60    00000020     DSP2833x_GlobalVariableDefs.obj (ECap4RegsFile)

ECap5RegsFile 
*          1    00006a80    00000020     UNINITIALIZED
                  00006a80    00000020     DSP2833x_GlobalVariableDefs.obj (ECap5RegsFile)

ECap6RegsFile 
*          1    00006aa0    00000020     UNINITIALIZED
                  00006aa0    00000020     DSP2833x_GlobalVariableDefs.obj (ECap6RegsFile)

EQep1RegsFile 
*          1    00006b00    00000040     UNINITIALIZED
                  00006b00    00000040     DSP2833x_GlobalVariableDefs.obj (EQep1RegsFile)

EQep2RegsFile 
*          1    00006b40    00000040     UNINITIALIZED
                  00006b40    00000040     DSP2833x_GlobalVariableDefs.obj (EQep2RegsFile)

GpioCtrlRegsFile 
*          1    00006f80    0000002e     UNINITIALIZED
                  00006f80    0000002e     DSP2833x_GlobalVariableDefs.obj (GpioCtrlRegsFile)

GpioDataRegsFile 
*          1    00006fc0    00000020     UNINITIALIZED
                  00006fc0    00000020     DSP2833x_GlobalVariableDefs.obj (GpioDataRegsFile)

GpioIntRegsFile 
*          1    00006fe0    0000000a     UNINITIALIZED
                  00006fe0    0000000a     DSP2833x_GlobalVariableDefs.obj (GpioIntRegsFile)

SysCtrlRegsFile 
*          1    00007010    00000020     UNINITIALIZED
                  00007010    00000020     DSP2833x_GlobalVariableDefs.obj (SysCtrlRegsFile)

SpiaRegsFile 
*          1    00007040    00000010     UNINITIALIZED
                  00007040    00000010     DSP2833x_GlobalVariableDefs.obj (SpiaRegsFile)

SciaRegsFile 
*          1    00007050    00000010     UNINITIALIZED
                  00007050    00000010     DSP2833x_GlobalVariableDefs.obj (SciaRegsFile)

XIntruptRegsFile 
*          1    00007070    00000010     UNINITIALIZED
                  00007070    00000010     DSP2833x_GlobalVariableDefs.obj (XIntruptRegsFile)

AdcRegsFile 
*          1    00007100    0000001e     UNINITIALIZED
                  00007100    0000001e     DSP2833x_GlobalVariableDefs.obj (AdcRegsFile)

ScibRegsFile 
*          1    00007750    00000010     UNINITIALIZED
                  00007750    00000010     DSP2833x_GlobalVariableDefs.obj (ScibRegsFile)

ScicRegsFile 
*          1    00007770    00000010     UNINITIALIZED
                  00007770    00000010     DSP2833x_GlobalVariableDefs.obj (ScicRegsFile)

I2caRegsFile 
*          1    00007900    00000022     UNINITIALIZED
                  00007900    00000022     DSP2833x_GlobalVariableDefs.obj (I2caRegsFile)

.ebss      1    0000c000    00000339     UNINITIALIZED
                  0000c000    0000030a     Main_DSP_main.obj (.ebss)
                  0000c30a    00000018     DSP2833x_CpuTimers.obj (.ebss)
                  0000c322    0000000e     Main_DSP_Sensor_Monitor.obj (.ebss)
                  0000c330    00000004     rts2800_fpu32.lib : _lock.obj (.ebss)
                  0000c334    00000004                       : exit.obj (.ebss)
                  0000c338    00000001     Main_DSP_RTC.obj (.ebss)

.econst    1    0000d000    0000033c     
                  0000d000    00000101     rts2800_fpu32.lib : ctype.obj (.econst:__ctypes_)
                  0000d101    00000001     --HOLE-- [fill = 0]
                  0000d102    00000100     DSP2833x_PieVect.obj (.econst)
                  0000d202    00000094     Main_DSP_main.obj (.econst:.string)
                  0000d296    0000006a     Main_DSP_BIT.obj (.econst:.string)
                  0000d300    00000024     rts2800_fpu32.lib : _printfi.obj (.econst:.string)
                  0000d324    00000018                       : _printfi.obj (.econst)

CsmPwlFile 
*          1    0033fff8    00000008     UNINITIALIZED
                  0033fff8    00000008     DSP2833x_GlobalVariableDefs.obj (CsmPwlFile)

PartIdRegsFile 
*          1    00380090    00000001     UNINITIALIZED
                  00380090    00000001     DSP2833x_GlobalVariableDefs.obj (PartIdRegsFile)


GLOBAL SYMBOLS: SORTED ALPHABETICALLY BY Name 

address    name
--------   ----
00008000   .text
0000a340   C$$EXIT
00009dae   FD$$ADD
0000a1b4   FD$$CMP
00009ed9   FD$$DIV
00009fec   FD$$MPY
0000a3be   FD$$NEG
0000a392   FD$$SUB
0000a230   FD$$TOI
0000a292   FD$$TOL
00009f64   FS$$DIV
0000a2ed   FS$$TOFD
0000a1de   L$$DIV
0000a1ed   L$$MOD
0000a309   L$$TOFD
0000a2cf   LL$$CMP
00009b10   LL$$DIV
00009b4c   LL$$MOD
0000a359   LL$$MPY
0000a3a0   U$$DIV
0000a3a5   U$$MOD
0000a1fb   UL$$DIV
0000a202   UL$$MOD
0000a2e1   ULL$$CMP
00009b86   ULL$$DIV
00009bb5   ULL$$MOD
00008a45   _ADCINT_ISR
00008c75   _ADC_CS
00008dc6   _ADC_Init
00008d4e   _ADC_Reg_Read
00008ce6   _ADC_Reg_Write
00008cbc   _ADC_Reset
00008ca2   _ADC_Rx_Data
00008e52   _ADC_Start
00008e75   _ADC_Stop
00008f0a   _ADC_Structure_Init
00008c89   _ADC_Tx_Data
00008e98   _ADC_Update
00380080   _ADC_cal
00000b00   _AdcMirror
00007100   _AdcRegs
0000c00a   _Board_Ch
0000a0a6   _ConfigCpuTimer
0000c31a   _CpuTimer0
00000c00   _CpuTimer0Regs
0000c30a   _CpuTimer1
00000c08   _CpuTimer1Regs
0000c312   _CpuTimer2
00000c10   _CpuTimer2Regs
0033fff8   _CsmPwl
00000ae0   _CsmRegs
00009adf   _CsmUnlock
00009694   _DAC_CS
000096dc   _DAC_Init
0000971a   _DAC_Out
000097ae   _DAC_Out_V
0000978a   _DAC_Out_mA
000096ad   _DAC_Trigger
000096c5   _DAC_Tx_Data
00008973   _DATALOG_ISR
00008b67   _DINTCH1_ISR
00008b71   _DINTCH2_ISR
00008b7b   _DINTCH3_ISR
00008b85   _DINTCH4_ISR
00008b8f   _DINTCH5_ISR
00008b99   _DINTCH6_ISR
0000a2b1   _DI_Update
0000a2c0   _DO_Update
0000a3df   _DSP28x_usDelay
0000957a   _Debug_SCI_FIFO_Init
0000951b   _Debug_SCI_GPIO_Init
000095a2   _Debug_SCI_Init
00009639   _Debug_SCI_Interrupt_Init
00009531   _Debug_SCI_Reg_Init
000095d2   _Debug_SCI_Rx
000095e6   _Debug_SCI_Rx_ISR
000095d9   _Debug_SCI_Tx
00000880   _DevEmuRegs
00009a2e   _DisableDog
00001000   _DmaRegs
00008bf3   _ECAN0INTA_ISR
00008c07   _ECAN0INTB_ISR
00008bfd   _ECAN1INTA_ISR
00008c11   _ECAN1INTB_ISR
00008adb   _ECAP1_INT_ISR
00008ae5   _ECAP2_INT_ISR
00008aef   _ECAP3_INT_ISR
00008af9   _ECAP4_INT_ISR
00008b03   _ECAP5_INT_ISR
00008b0d   _ECAP6_INT_ISR
00006040   _ECanaLAMRegs
000060c0   _ECanaMOTORegs
00006080   _ECanaMOTSRegs
00006100   _ECanaMboxes
00006000   _ECanaRegs
00006240   _ECanbLAMRegs
000062c0   _ECanbMOTORegs
00006280   _ECanbMOTSRegs
00006300   _ECanbMboxes
00006200   _ECanbRegs
00006a00   _ECap1Regs
00006a20   _ECap2Regs
00006a40   _ECap3Regs
00006a60   _ECap4Regs
00006a80   _ECap5Regs
00006aa0   _ECap6Regs
0000c005   _EFI_All_Control_Time
0000c006   _EFI_CMD_Data
0000c009   _EFI_CMD_Time
0000c040   _EFI_Off_Control_Time
0000c021   _EFI_On_Control_Time
00008987   _EMUINT_ISR
00008a9f   _EPWM1_INT_ISR
00008a63   _EPWM1_TZINT_ISR
00008aa9   _EPWM2_INT_ISR
00008a6d   _EPWM2_TZINT_ISR
00008ab3   _EPWM3_INT_ISR
00008a77   _EPWM3_TZINT_ISR
00008abd   _EPWM4_INT_ISR
00008a81   _EPWM4_TZINT_ISR
00008ac7   _EPWM5_INT_ISR
00008a8b   _EPWM5_TZINT_ISR
00008ad1   _EPWM6_INT_ISR
00008a95   _EPWM6_TZINT_ISR
00006800   _EPwm1Regs
00006840   _EPwm2Regs
00006880   _EPwm3Regs
000068c0   _EPwm4Regs
00006900   _EPwm5Regs
00006940   _EPwm6Regs
00008b17   _EQEP1_INT_ISR
00008b21   _EQEP2_INT_ISR
00006b00   _EQep1Regs
00006b40   _EQep2Regs
0000a227   _EnableInterrupts
00009d54   _External_Interface_GPIO_Init
00009d01   _External_Interface_Init
000093ff   _FM31L278_ModeRTC
00009424   _FM31L278_ReadByte
00009385   _FM31L278_ReadRTC
000093bb   _FM31L278_ReadRTCs
0000942e   _FM31L278_WriteByte
00009361   _FM31L278_WriteRTC
00000a80   _FlashRegs
0000c32c   _Flywheel_M_ISR_Count
000090c1   _Flywheel_Major_ISR
0000c32e   _Flywheel_R_ISR_Count
000090fa   _Flywheel_Redundancy_ISR
0000a36d   _GPIO_Init
00006f80   _GpioCtrlRegs
00006fc0   _GpioDataRegs
00006fe0   _GpioIntRegs
00008ba3   _I2CINT1A_ISR
00008bad   _I2CINT2A_ISR
00007900   _I2caRegs
0000899b   _ILLEGAL_ISR
0000895f   _INT13_ISR
00008969   _INT14_ISR
0000a06f   _InitCpuTimers
00009a09   _InitFlash
00009a84   _InitPeripheralClocks
0000a208   _InitPieCtrl
0000a272   _InitPieVectTable
00009a36   _InitPll
00009a00   _InitSysCtrl
00009e4a   _Init_I2CA
00008c57   _LUF_ISR
00008c4d   _LVF_ISR
0000c00b   _Lead_EFI_Time
00008b53   _MRINTA_ISR
00008b3f   _MRINTB_ISR
00008b5d   _MXINTA_ISR
00008b49   _MXINTB_ISR
0000a37b   _M_DSP_RUN_LED_Toggle
0000930e   _Main_DSP_Init
0000c008   _Main_LoopCount
00009c17   _McBSP_A_GPIO_Init
00009cb7   _McBSP_A_Rx_Data
00009cb0   _McBSP_A_Tx_Data
00009c36   _McBSP_B_GPIO_Init
00009cd6   _McBSP_B_Rx_Data
00009ccf   _McBSP_B_Tx_Data
00009c4c   _McBSP_Init_SPI
00009ceb   _McBSP_delay_loop
00005000   _McbspaRegs
00005040   _McbspbRegs
000098ef   _Memory_BIT
00009999   _Memory_Count_Test
0000997e   _Memory_Save_Count
0000982f   _Modbus_FIFO_Init
000097ca   _Modbus_GPIO_Init
00009857   _Modbus_Init
000098de   _Modbus_Interrupt_Init
000097e6   _Modbus_Reg_Init
00009862   _Modbus_Rx
00009897   _Modbus_Rx_ISR
00009876   _Modbus_Tx
00009869   _Modbus_Tx_byte
00008991   _NMI_ISR
00008c61   _PIE_RESERVED
0000c02d   _Padding_Time
00380090   _PartIdRegs
0000c326   _Phase_M_ISR_Count
00009070   _Phase_Major_ISR
0000c328   _Phase_R_ISR_Count
00009089   _Phase_Redundancy_ISR
00000ce0   _PieCtrlRegs
00000d00   _PieVectTable
0000d102   _PieVectTableInit
000099be   _Print_Memory_Error
00009648   _Printf
0000950f   _RTC_Init
0000c00e   _RTC_Write
0000897d   _RTOSINT_ISR
00009e9e   _Read_I2C_Data
00009439   _Read_RTC
00008bcb   _SCIRXINTA_ISR
00008bdf   _SCIRXINTB_ISR
00008bb7   _SCIRXINTC_ISR
00008bd5   _SCITXINTA_ISR
00008be9   _SCITXINTB_ISR
00008bc1   _SCITXINTC_ISR
00008a1d   _SEQ1INT_ISR
00008a27   _SEQ2INT_ISR
00008b2b   _SPIRXINTA_ISR
00008b35   _SPITXINTA_ISR
00007050   _SciaRegs
00007750   _ScibRegs
00007770   _ScicRegs
00008f1f   _Sensor_Monitor_GPIO_Init
0000916a   _Sensor_Monitor_Init
00009133   _Sensor_Monitor_Interrupt_Init
00009a24   _ServiceDog
000090a2   _Speed_INT_ISR
0000c32a   _Speed_INT_ISR_Count
00007040   _SpiaRegs
00007010   _SysCtrlRegs
000098ed   _System_Hold
0000c322   _TDC_M_ISR_Count
0000903e   _TDC_Major_ISR
0000c324   _TDC_R_ISR_Count
00009057   _TDC_Redundancy_ISR
00008a4f   _TINT0_ISR
0000c012   _Timer0TickCount
0000920c   _Timer0_ISR
000089ff   _USER10_ISR
00008a09   _USER11_ISR
00008a13   _USER12_ISR
000089a5   _USER1_ISR
000089af   _USER2_ISR
000089b9   _USER3_ISR
000089c3   _USER4_ISR
000089cd   _USER5_ISR
000089d7   _USER6_ISR
000089e1   _USER7_ISR
000089eb   _USER8_ISR
000089f5   _USER9_ISR
00008a59   _WAKEINT_ISR
00009e73   _Write_I2C_Data
00009483   _Write_RTC
00008a31   _XINT1_ISR
00008a3b   _XINT2_ISR
00008c1b   _XINT3_ISR
00008c25   _XINT4_ISR
00008c2f   _XINT5_ISR
00008c39   _XINT6_ISR
00008c43   _XINT7_ISR
00009004   _XINT_Reg_Init
00007070   _XIntruptRegs
00000b20   _XintfRegs
00000800   __STACK_END
00000400   __STACK_SIZE
00000001   __TI_args_main
ffffffff   ___binit__
ffffffff   ___c_args__
0000a3e3   ___cinit__
0000a3e3   ___etext__
0000a251   ___memcpy_ff
ffffffff   ___pinit__
00008000   ___text__
0000a325   __args_main
0000c334   __cleanup_ptr
0000d000   __ctypes_
0000c336   __dtors_ptr
0000c332   __lock
0000a3bd   __nop
00008859   __printfi
0000a3b9   __register_lock
0000a3b5   __register_unlock
00000400   __stack
0000c330   __unlock
0000a340   _abort
0000a127   _atoi
0000a0e1   _c_int00
0000c010   _data_V
0000c014   _data_mA
00008f82   _eCAP_Reg_Init
0000a342   _exit
0000a158   _ltoa
00009174   _main
0000c00f   _mem_test_result1
0000c00d   _mem_test_result2
0000c007   _mem_test_result3
0000c001   _mem_test_result4
0000c000   _mem_test_result5
0000c003   _mem_test_result6
0000c00c   _mem_test_result7
0000a380   _memccpy
0000a3d8   _memset
00008c6b   _rsvd_ISR
0000c080   _s_ADC_In
0000c004   _s_BIT_Info
0000c04c   _s_DAC
0000c140   _s_Debug_buffer
0000c016   _s_Main_DIO
0000c240   _s_Modbus_buffer
0000c01a   _s_RTC
0000a3c7   _strcpy
0000a3ab   _strlen
0000c002   _u_AD_DA_Ctrl
0000a186   _vsprintf
ffffffff   binit
0000a3e3   cinit
00000000   code_start
0000a3e3   etext
ffffffff   pinit


GLOBAL SYMBOLS: SORTED BY Symbol Address 

address    name
--------   ----
00000000   code_start
00000001   __TI_args_main
00000400   __STACK_SIZE
00000400   __stack
00000800   __STACK_END
00000880   _DevEmuRegs
00000a80   _FlashRegs
00000ae0   _CsmRegs
00000b00   _AdcMirror
00000b20   _XintfRegs
00000c00   _CpuTimer0Regs
00000c08   _CpuTimer1Regs
00000c10   _CpuTimer2Regs
00000ce0   _PieCtrlRegs
00000d00   _PieVectTable
00001000   _DmaRegs
00005000   _McbspaRegs
00005040   _McbspbRegs
00006000   _ECanaRegs
00006040   _ECanaLAMRegs
00006080   _ECanaMOTSRegs
000060c0   _ECanaMOTORegs
00006100   _ECanaMboxes
00006200   _ECanbRegs
00006240   _ECanbLAMRegs
00006280   _ECanbMOTSRegs
000062c0   _ECanbMOTORegs
00006300   _ECanbMboxes
00006800   _EPwm1Regs
00006840   _EPwm2Regs
00006880   _EPwm3Regs
000068c0   _EPwm4Regs
00006900   _EPwm5Regs
00006940   _EPwm6Regs
00006a00   _ECap1Regs
00006a20   _ECap2Regs
00006a40   _ECap3Regs
00006a60   _ECap4Regs
00006a80   _ECap5Regs
00006aa0   _ECap6Regs
00006b00   _EQep1Regs
00006b40   _EQep2Regs
00006f80   _GpioCtrlRegs
00006fc0   _GpioDataRegs
00006fe0   _GpioIntRegs
00007010   _SysCtrlRegs
00007040   _SpiaRegs
00007050   _SciaRegs
00007070   _XIntruptRegs
00007100   _AdcRegs
00007750   _ScibRegs
00007770   _ScicRegs
00007900   _I2caRegs
00008000   .text
00008000   ___text__
00008859   __printfi
0000895f   _INT13_ISR
00008969   _INT14_ISR
00008973   _DATALOG_ISR
0000897d   _RTOSINT_ISR
00008987   _EMUINT_ISR
00008991   _NMI_ISR
0000899b   _ILLEGAL_ISR
000089a5   _USER1_ISR
000089af   _USER2_ISR
000089b9   _USER3_ISR
000089c3   _USER4_ISR
000089cd   _USER5_ISR
000089d7   _USER6_ISR
000089e1   _USER7_ISR
000089eb   _USER8_ISR
000089f5   _USER9_ISR
000089ff   _USER10_ISR
00008a09   _USER11_ISR
00008a13   _USER12_ISR
00008a1d   _SEQ1INT_ISR
00008a27   _SEQ2INT_ISR
00008a31   _XINT1_ISR
00008a3b   _XINT2_ISR
00008a45   _ADCINT_ISR
00008a4f   _TINT0_ISR
00008a59   _WAKEINT_ISR
00008a63   _EPWM1_TZINT_ISR
00008a6d   _EPWM2_TZINT_ISR
00008a77   _EPWM3_TZINT_ISR
00008a81   _EPWM4_TZINT_ISR
00008a8b   _EPWM5_TZINT_ISR
00008a95   _EPWM6_TZINT_ISR
00008a9f   _EPWM1_INT_ISR
00008aa9   _EPWM2_INT_ISR
00008ab3   _EPWM3_INT_ISR
00008abd   _EPWM4_INT_ISR
00008ac7   _EPWM5_INT_ISR
00008ad1   _EPWM6_INT_ISR
00008adb   _ECAP1_INT_ISR
00008ae5   _ECAP2_INT_ISR
00008aef   _ECAP3_INT_ISR
00008af9   _ECAP4_INT_ISR
00008b03   _ECAP5_INT_ISR
00008b0d   _ECAP6_INT_ISR
00008b17   _EQEP1_INT_ISR
00008b21   _EQEP2_INT_ISR
00008b2b   _SPIRXINTA_ISR
00008b35   _SPITXINTA_ISR
00008b3f   _MRINTB_ISR
00008b49   _MXINTB_ISR
00008b53   _MRINTA_ISR
00008b5d   _MXINTA_ISR
00008b67   _DINTCH1_ISR
00008b71   _DINTCH2_ISR
00008b7b   _DINTCH3_ISR
00008b85   _DINTCH4_ISR
00008b8f   _DINTCH5_ISR
00008b99   _DINTCH6_ISR
00008ba3   _I2CINT1A_ISR
00008bad   _I2CINT2A_ISR
00008bb7   _SCIRXINTC_ISR
00008bc1   _SCITXINTC_ISR
00008bcb   _SCIRXINTA_ISR
00008bd5   _SCITXINTA_ISR
00008bdf   _SCIRXINTB_ISR
00008be9   _SCITXINTB_ISR
00008bf3   _ECAN0INTA_ISR
00008bfd   _ECAN1INTA_ISR
00008c07   _ECAN0INTB_ISR
00008c11   _ECAN1INTB_ISR
00008c1b   _XINT3_ISR
00008c25   _XINT4_ISR
00008c2f   _XINT5_ISR
00008c39   _XINT6_ISR
00008c43   _XINT7_ISR
00008c4d   _LVF_ISR
00008c57   _LUF_ISR
00008c61   _PIE_RESERVED
00008c6b   _rsvd_ISR
00008c75   _ADC_CS
00008c89   _ADC_Tx_Data
00008ca2   _ADC_Rx_Data
00008cbc   _ADC_Reset
00008ce6   _ADC_Reg_Write
00008d4e   _ADC_Reg_Read
00008dc6   _ADC_Init
00008e52   _ADC_Start
00008e75   _ADC_Stop
00008e98   _ADC_Update
00008f0a   _ADC_Structure_Init
00008f1f   _Sensor_Monitor_GPIO_Init
00008f82   _eCAP_Reg_Init
00009004   _XINT_Reg_Init
0000903e   _TDC_Major_ISR
00009057   _TDC_Redundancy_ISR
00009070   _Phase_Major_ISR
00009089   _Phase_Redundancy_ISR
000090a2   _Speed_INT_ISR
000090c1   _Flywheel_Major_ISR
000090fa   _Flywheel_Redundancy_ISR
00009133   _Sensor_Monitor_Interrupt_Init
0000916a   _Sensor_Monitor_Init
00009174   _main
0000920c   _Timer0_ISR
0000930e   _Main_DSP_Init
00009361   _FM31L278_WriteRTC
00009385   _FM31L278_ReadRTC
000093bb   _FM31L278_ReadRTCs
000093ff   _FM31L278_ModeRTC
00009424   _FM31L278_ReadByte
0000942e   _FM31L278_WriteByte
00009439   _Read_RTC
00009483   _Write_RTC
0000950f   _RTC_Init
0000951b   _Debug_SCI_GPIO_Init
00009531   _Debug_SCI_Reg_Init
0000957a   _Debug_SCI_FIFO_Init
000095a2   _Debug_SCI_Init
000095d2   _Debug_SCI_Rx
000095d9   _Debug_SCI_Tx
000095e6   _Debug_SCI_Rx_ISR
00009639   _Debug_SCI_Interrupt_Init
00009648   _Printf
00009694   _DAC_CS
000096ad   _DAC_Trigger
000096c5   _DAC_Tx_Data
000096dc   _DAC_Init
0000971a   _DAC_Out
0000978a   _DAC_Out_mA
000097ae   _DAC_Out_V
000097ca   _Modbus_GPIO_Init
000097e6   _Modbus_Reg_Init
0000982f   _Modbus_FIFO_Init
00009857   _Modbus_Init
00009862   _Modbus_Rx
00009869   _Modbus_Tx_byte
00009876   _Modbus_Tx
00009897   _Modbus_Rx_ISR
000098de   _Modbus_Interrupt_Init
000098ed   _System_Hold
000098ef   _Memory_BIT
0000997e   _Memory_Save_Count
00009999   _Memory_Count_Test
000099be   _Print_Memory_Error
00009a00   _InitSysCtrl
00009a09   _InitFlash
00009a24   _ServiceDog
00009a2e   _DisableDog
00009a36   _InitPll
00009a84   _InitPeripheralClocks
00009adf   _CsmUnlock
00009b10   LL$$DIV
00009b4c   LL$$MOD
00009b86   ULL$$DIV
00009bb5   ULL$$MOD
00009c17   _McBSP_A_GPIO_Init
00009c36   _McBSP_B_GPIO_Init
00009c4c   _McBSP_Init_SPI
00009cb0   _McBSP_A_Tx_Data
00009cb7   _McBSP_A_Rx_Data
00009ccf   _McBSP_B_Tx_Data
00009cd6   _McBSP_B_Rx_Data
00009ceb   _McBSP_delay_loop
00009d01   _External_Interface_Init
00009d54   _External_Interface_GPIO_Init
00009dae   FD$$ADD
00009e4a   _Init_I2CA
00009e73   _Write_I2C_Data
00009e9e   _Read_I2C_Data
00009ed9   FD$$DIV
00009f64   FS$$DIV
00009fec   FD$$MPY
0000a06f   _InitCpuTimers
0000a0a6   _ConfigCpuTimer
0000a0e1   _c_int00
0000a127   _atoi
0000a158   _ltoa
0000a186   _vsprintf
0000a1b4   FD$$CMP
0000a1de   L$$DIV
0000a1ed   L$$MOD
0000a1fb   UL$$DIV
0000a202   UL$$MOD
0000a208   _InitPieCtrl
0000a227   _EnableInterrupts
0000a230   FD$$TOI
0000a251   ___memcpy_ff
0000a272   _InitPieVectTable
0000a292   FD$$TOL
0000a2b1   _DI_Update
0000a2c0   _DO_Update
0000a2cf   LL$$CMP
0000a2e1   ULL$$CMP
0000a2ed   FS$$TOFD
0000a309   L$$TOFD
0000a325   __args_main
0000a340   C$$EXIT
0000a340   _abort
0000a342   _exit
0000a359   LL$$MPY
0000a36d   _GPIO_Init
0000a37b   _M_DSP_RUN_LED_Toggle
0000a380   _memccpy
0000a392   FD$$SUB
0000a3a0   U$$DIV
0000a3a5   U$$MOD
0000a3ab   _strlen
0000a3b5   __register_unlock
0000a3b9   __register_lock
0000a3bd   __nop
0000a3be   FD$$NEG
0000a3c7   _strcpy
0000a3d8   _memset
0000a3df   _DSP28x_usDelay
0000a3e3   ___cinit__
0000a3e3   ___etext__
0000a3e3   cinit
0000a3e3   etext
0000c000   _mem_test_result5
0000c001   _mem_test_result4
0000c002   _u_AD_DA_Ctrl
0000c003   _mem_test_result6
0000c004   _s_BIT_Info
0000c005   _EFI_All_Control_Time
0000c006   _EFI_CMD_Data
0000c007   _mem_test_result3
0000c008   _Main_LoopCount
0000c009   _EFI_CMD_Time
0000c00a   _Board_Ch
0000c00b   _Lead_EFI_Time
0000c00c   _mem_test_result7
0000c00d   _mem_test_result2
0000c00e   _RTC_Write
0000c00f   _mem_test_result1
0000c010   _data_V
0000c012   _Timer0TickCount
0000c014   _data_mA
0000c016   _s_Main_DIO
0000c01a   _s_RTC
0000c021   _EFI_On_Control_Time
0000c02d   _Padding_Time
0000c040   _EFI_Off_Control_Time
0000c04c   _s_DAC
0000c080   _s_ADC_In
0000c140   _s_Debug_buffer
0000c240   _s_Modbus_buffer
0000c30a   _CpuTimer1
0000c312   _CpuTimer2
0000c31a   _CpuTimer0
0000c322   _TDC_M_ISR_Count
0000c324   _TDC_R_ISR_Count
0000c326   _Phase_M_ISR_Count
0000c328   _Phase_R_ISR_Count
0000c32a   _Speed_INT_ISR_Count
0000c32c   _Flywheel_M_ISR_Count
0000c32e   _Flywheel_R_ISR_Count
0000c330   __unlock
0000c332   __lock
0000c334   __cleanup_ptr
0000c336   __dtors_ptr
0000d000   __ctypes_
0000d102   _PieVectTableInit
0033fff8   _CsmPwl
00380080   _ADC_cal
00380090   _PartIdRegs
ffffffff   ___binit__
ffffffff   ___c_args__
ffffffff   ___pinit__
ffffffff   binit
ffffffff   pinit

[326 symbols]
